// Jest Snapshot v1, https://goo.gl/fbAQLP

exports[`Cart checkout() should an object with the total and the list of items 1`] = `
Object {
  "items": Array [
    Object {
      "product": Object {
        "price": 35388,
        "title": "Nike run - men",
      },
      "quantity": 3,
    },
    Object {
      "product": Object {
        "price": 65388,
        "title": "Nike run - women",
      },
      "quantity": 1,
    },
  ],
  "total": 171552,
}
`;

exports[`Cart checkout() should return an object with the total and the list of items 1`] = `
Object {
  "items": Array [
    Object {
      "product": Object {
        "price": 35388,
        "title": "Nike run - men",
      },
      "quantity": 3,
    },
    Object {
      "product": Object {
        "price": 65388,
        "title": "Nike run - women",
      },
      "quantity": 1,
    },
  ],
  "total": 171552,
}
`;

exports[`Cart checkout() should returnan object with the total and the list of items 1`] = `
Object {
  "items": Array [
    Object {
      "product": Object {
        "price": 35388,
        "title": "Nike run - men",
      },
      "quantity": 3,
    },
    Object {
      "product": Object {
        "price": 65388,
        "title": "Nike run - women",
      },
      "quantity": 1,
    },
  ],
  "total": 171552,
}
`;
